// Jest Snapshot v1, https://goo.gl/fbAQLP

exports[`Success - re-Zip - Add new file 1`] = `
Object {
  "data": Array [
    80,
    75,
    3,
    4,
    20,
    0,
    8,
    8,
    8,
    0,
    0,
    104,
    33,
    78,
    0,
    0,
    0,
    0,
    0,
    0,
    0,
    0,
    0,
    0,
    0,
    0,
    12,
    0,
    0,
    0,
    99,
    111,
    110,
    116,
    101,
    110,
    116,
    49,
    46,
    116,
    120,
    116,
    75,
    206,
    207,
    43,
    73,
    205,
    43,
    81,
    48,
    228,
    2,
    0,
    80,
    75,
    7,
    8,
    131,
    23,
    101,
    3,
    12,
    0,
    0,
    0,
    10,
    0,
    0,
    0,
    80,
    75,
    3,
    4,
    20,
    0,
    8,
    8,
    8,
    0,
    0,
    104,
    33,
    78,
    0,
    0,
    0,
    0,
    0,
    0,
    0,
    0,
    0,
    0,
    0,
    0,
    12,
    0,
    0,
    0,
    99,
    111,
    110,
    116,
    101,
    110,
    116,
    51,
    46,
    116,
    120,
    116,
    75,
    206,
    207,
    43,
    73,
    205,
    43,
    81,
    48,
    230,
    2,
    0,
    80,
    75,
    7,
    8,
    1,
    117,
    83,
    49,
    12,
    0,
    0,
    0,
    10,
    0,
    0,
    0,
    80,
    75,
    3,
    4,
    20,
    0,
    8,
    8,
    8,
    0,
    0,
    104,
    33,
    78,
    0,
    0,
    0,
    0,
    0,
    0,
    0,
    0,
    0,
    0,
    0,
    0,
    12,
    0,
    0,
    0,
    99,
    111,
    110,
    116,
    101,
    110,
    116,
    50,
    46,
    116,
    120,
    116,
    75,
    206,
    207,
    43,
    73,
    205,
    43,
    81,
    48,
    226,
    2,
    0,
    80,
    75,
    7,
    8,
    64,
    68,
    72,
    40,
    12,
    0,
    0,
    0,
    10,
    0,
    0,
    0,
    80,
    75,
    3,
    4,
    20,
    0,
    8,
    8,
    8,
    0,
    0,
    104,
    33,
    78,
    0,
    0,
    0,
    0,
    0,
    0,
    0,
    0,
    0,
    0,
    0,
    0,
    15,
    0,
    0,
    0,
    99,
    111,
    110,
    116,
    101,
    110,
    116,
    45,
    110,
    101,
    119,
    46,
    116,
    120,
    116,
    75,
    206,
    207,
    43,
    73,
    205,
    43,
    81,
    240,
    75,
    45,
    7,
    0,
    80,
    75,
    7,
    8,
    154,
    228,
    25,
    213,
    13,
    0,
    0,
    0,
    11,
    0,
    0,
    0,
    80,
    75,
    1,
    2,
    63,
    3,
    20,
    0,
    8,
    8,
    8,
    0,
    0,
    104,
    33,
    78,
    131,
    23,
    101,
    3,
    12,
    0,
    0,
    0,
    10,
    0,
    0,
    0,
    12,
    0,
    0,
    0,
    0,
    0,
    0,
    0,
    0,
    0,
    0,
    0,
    180,
    129,
    0,
    0,
    0,
    0,
    99,
    111,
    110,
    116,
    101,
    110,
    116,
    49,
    46,
    116,
    120,
    116,
    80,
    75,
    1,
    2,
    63,
    3,
    20,
    0,
    8,
    8,
    8,
    0,
    0,
    104,
    33,
    78,
    1,
    117,
    83,
    49,
    12,
    0,
    0,
    0,
    10,
    0,
    0,
    0,
    12,
    0,
    0,
    0,
    0,
    0,
    0,
    0,
    0,
    0,
    0,
    0,
    180,
    129,
    70,
    0,
    0,
    0,
    99,
    111,
    110,
    116,
    101,
    110,
    116,
    51,
    46,
    116,
    120,
    116,
    80,
    75,
    1,
    2,
    63,
    3,
    20,
    0,
    8,
    8,
    8,
    0,
    0,
    104,
    33,
    78,
    64,
    68,
    72,
    40,
    12,
    0,
    0,
    0,
    10,
    0,
    0,
    0,
    12,
    0,
    0,
    0,
    0,
    0,
    0,
    0,
    0,
    0,
    0,
    0,
    180,
    129,
    140,
    0,
    0,
    0,
    99,
    111,
    110,
    116,
    101,
    110,
    116,
    50,
    46,
    116,
    120,
    116,
    80,
    75,
    1,
    2,
    63,
    3,
    20,
    0,
    8,
    8,
    8,
    0,
    0,
    104,
    33,
    78,
    154,
    228,
    25,
    213,
    13,
    0,
    0,
    0,
    11,
    0,
    0,
    0,
    15,
    0,
    0,
    0,
    0,
    0,
    0,
    0,
    0,
    0,
    0,
    0,
    180,
    129,
    210,
    0,
    0,
    0,
    99,
    111,
    110,
    116,
    101,
    110,
    116,
    45,
    110,
    101,
    119,
    46,
    116,
    120,
    116,
    80,
    75,
    5,
    6,
    0,
    0,
    0,
    0,
    4,
    0,
    4,
    0,
    235,
    0,
    0,
    0,
    28,
    1,
    0,
    0,
    0,
    0,
  ],
  "type": "Buffer",
}
`;

exports[`Success - re-Zip - Change Content 1`] = `
Object {
  "data": Array [
    80,
    75,
    3,
    4,
    20,
    0,
    8,
    8,
    8,
    0,
    0,
    104,
    33,
    78,
    0,
    0,
    0,
    0,
    0,
    0,
    0,
    0,
    0,
    0,
    0,
    0,
    12,
    0,
    0,
    0,
    99,
    111,
    110,
    116,
    101,
    110,
    116,
    49,
    46,
    116,
    120,
    116,
    75,
    206,
    207,
    43,
    73,
    205,
    43,
    81,
    48,
    212,
    141,
    136,
    140,
    2,
    0,
    80,
    75,
    7,
    8,
    241,
    219,
    228,
    155,
    15,
    0,
    0,
    0,
    13,
    0,
    0,
    0,
    80,
    75,
    1,
    2,
    63,
    3,
    20,
    0,
    8,
    8,
    8,
    0,
    0,
    104,
    33,
    78,
    241,
    219,
    228,
    155,
    15,
    0,
    0,
    0,
    13,
    0,
    0,
    0,
    12,
    0,
    0,
    0,
    0,
    0,
    0,
    0,
    0,
    0,
    0,
    0,
    180,
    129,
    0,
    0,
    0,
    0,
    99,
    111,
    110,
    116,
    101,
    110,
    116,
    49,
    46,
    116,
    120,
    116,
    80,
    75,
    5,
    6,
    0,
    0,
    0,
    0,
    1,
    0,
    1,
    0,
    58,
    0,
    0,
    0,
    73,
    0,
    0,
    0,
    0,
    0,
  ],
  "type": "Buffer",
}
`;

exports[`Success - re-Zip - filter 1`] = `
Object {
  "data": Array [
    80,
    75,
    3,
    4,
    20,
    0,
    8,
    8,
    8,
    0,
    0,
    104,
    33,
    78,
    0,
    0,
    0,
    0,
    0,
    0,
    0,
    0,
    0,
    0,
    0,
    0,
    12,
    0,
    0,
    0,
    99,
    111,
    110,
    116,
    101,
    110,
    116,
    49,
    46,
    116,
    120,
    116,
    75,
    206,
    207,
    43,
    73,
    205,
    43,
    81,
    48,
    228,
    2,
    0,
    80,
    75,
    7,
    8,
    131,
    23,
    101,
    3,
    12,
    0,
    0,
    0,
    10,
    0,
    0,
    0,
    80,
    75,
    1,
    2,
    63,
    3,
    20,
    0,
    8,
    8,
    8,
    0,
    0,
    104,
    33,
    78,
    131,
    23,
    101,
    3,
    12,
    0,
    0,
    0,
    10,
    0,
    0,
    0,
    12,
    0,
    0,
    0,
    0,
    0,
    0,
    0,
    0,
    0,
    0,
    0,
    180,
    129,
    0,
    0,
    0,
    0,
    99,
    111,
    110,
    116,
    101,
    110,
    116,
    49,
    46,
    116,
    120,
    116,
    80,
    75,
    5,
    6,
    0,
    0,
    0,
    0,
    1,
    0,
    1,
    0,
    58,
    0,
    0,
    0,
    70,
    0,
    0,
    0,
    0,
    0,
  ],
  "type": "Buffer",
}
`;

exports[`Success - re-Zip 1`] = `
Object {
  "data": Array [
    80,
    75,
    3,
    4,
    20,
    0,
    8,
    8,
    8,
    0,
    0,
    104,
    33,
    78,
    0,
    0,
    0,
    0,
    0,
    0,
    0,
    0,
    0,
    0,
    0,
    0,
    12,
    0,
    0,
    0,
    99,
    111,
    110,
    116,
    101,
    110,
    116,
    49,
    46,
    116,
    120,
    116,
    75,
    206,
    207,
    43,
    73,
    205,
    43,
    81,
    48,
    228,
    2,
    0,
    80,
    75,
    7,
    8,
    131,
    23,
    101,
    3,
    12,
    0,
    0,
    0,
    10,
    0,
    0,
    0,
    80,
    75,
    3,
    4,
    20,
    0,
    8,
    8,
    8,
    0,
    0,
    104,
    33,
    78,
    0,
    0,
    0,
    0,
    0,
    0,
    0,
    0,
    0,
    0,
    0,
    0,
    12,
    0,
    0,
    0,
    99,
    111,
    110,
    116,
    101,
    110,
    116,
    51,
    46,
    116,
    120,
    116,
    75,
    206,
    207,
    43,
    73,
    205,
    43,
    81,
    48,
    230,
    2,
    0,
    80,
    75,
    7,
    8,
    1,
    117,
    83,
    49,
    12,
    0,
    0,
    0,
    10,
    0,
    0,
    0,
    80,
    75,
    3,
    4,
    20,
    0,
    8,
    8,
    8,
    0,
    0,
    104,
    33,
    78,
    0,
    0,
    0,
    0,
    0,
    0,
    0,
    0,
    0,
    0,
    0,
    0,
    12,
    0,
    0,
    0,
    99,
    111,
    110,
    116,
    101,
    110,
    116,
    50,
    46,
    116,
    120,
    116,
    75,
    206,
    207,
    43,
    73,
    205,
    43,
    81,
    48,
    226,
    2,
    0,
    80,
    75,
    7,
    8,
    64,
    68,
    72,
    40,
    12,
    0,
    0,
    0,
    10,
    0,
    0,
    0,
    80,
    75,
    1,
    2,
    63,
    3,
    20,
    0,
    8,
    8,
    8,
    0,
    0,
    104,
    33,
    78,
    131,
    23,
    101,
    3,
    12,
    0,
    0,
    0,
    10,
    0,
    0,
    0,
    12,
    0,
    0,
    0,
    0,
    0,
    0,
    0,
    0,
    0,
    0,
    0,
    180,
    129,
    0,
    0,
    0,
    0,
    99,
    111,
    110,
    116,
    101,
    110,
    116,
    49,
    46,
    116,
    120,
    116,
    80,
    75,
    1,
    2,
    63,
    3,
    20,
    0,
    8,
    8,
    8,
    0,
    0,
    104,
    33,
    78,
    1,
    117,
    83,
    49,
    12,
    0,
    0,
    0,
    10,
    0,
    0,
    0,
    12,
    0,
    0,
    0,
    0,
    0,
    0,
    0,
    0,
    0,
    0,
    0,
    180,
    129,
    70,
    0,
    0,
    0,
    99,
    111,
    110,
    116,
    101,
    110,
    116,
    51,
    46,
    116,
    120,
    116,
    80,
    75,
    1,
    2,
    63,
    3,
    20,
    0,
    8,
    8,
    8,
    0,
    0,
    104,
    33,
    78,
    64,
    68,
    72,
    40,
    12,
    0,
    0,
    0,
    10,
    0,
    0,
    0,
    12,
    0,
    0,
    0,
    0,
    0,
    0,
    0,
    0,
    0,
    0,
    0,
    180,
    129,
    140,
    0,
    0,
    0,
    99,
    111,
    110,
    116,
    101,
    110,
    116,
    50,
    46,
    116,
    120,
    116,
    80,
    75,
    5,
    6,
    0,
    0,
    0,
    0,
    3,
    0,
    3,
    0,
    174,
    0,
    0,
    0,
    210,
    0,
    0,
    0,
    0,
    0,
  ],
  "type": "Buffer",
}
`;
